// Jest Snapshot v1, https://goo.gl/fbAQLP

exports[`Color selector renders the color selector 1`] = `
<form>
  <input
    name="textColor"
    onChange={[Function]}
    type="color"
    value="#000000"
  />
  <input
    name="backgroundColor"
    onChange={[Function]}
    type="color"
    value="#0000FF"
  />
</form>
`;
